
romname=result.rom
 
file=release\armv5\fred.dll 	"sys\bin\fred.dll"
