
romname=result.rom
 

file=release\armv5\fred.dll 	"sys\bin\fred.dll"
file=release\armv5\faye.a1a2a3a4a5a6a7a8a9a0b1b2b3b4b5b6.dll 	"sys\bin\faye.dll"

file=release\armv5_abiv1\dora.c1c2c3c4c5c6c7c8c9c0d1d2d3d4d5d6.dll 	"sys\bin\dora.dll"
file=release\armv5_abiv1\dave.dll 	"sys\bin\dave.dll"
