
romname=result.rom

rem this
rem is
rem a
rem dummy
rem IBY
rem file

rem this
rem is
rem a
rem dummy
rem IBY
rem file


file=release\armv5_abiv1\dave.dll 	"sys\bin\dave.dll"
file=release\armv5\fred.dll 	"sys\bin\fred.dll"

